// Jest Snapshot v1, https://goo.gl/fbAQLP

exports[`RecommendationsCarousel should show a success message when no more recommendations are left 1`] = `
<div
  data-v-app=""
>
  
  <h1
    class="font-semibold text-xl mb-2 text-gray-200"
  >
    Privacy recommendations
  </h1>
  <div
    class="n-card n-card--bordered space-y-4"
    style="--n-bezier: cubic-bezier(.4, 0, .2, 1); --n-border-radius: 3px; --n-color: #fff; --n-color-modal: #fff; --n-color-popover: #fff; --n-color-target: #18a058; --n-text-color: rgb(51, 54, 57); --n-line-height: 1.6; --n-action-color: rgb(250, 250, 252); --n-title-text-color: rgb(31, 34, 37); --n-title-font-weight: 500; --n-close-color: rgba(122, 122, 122, 1); --n-close-color-hover: rgba(89, 89, 89, 1); --n-close-color-pressed: rgba(149, 149, 149, 1); --n-border-color: rgb(239, 239, 245); --n-box-shadow: 0 1px 2px -2px rgba(0, 0, 0, .08), 0 3px 6px 0 rgba(0, 0, 0, .06), 0 5px 12px 4px rgba(0, 0, 0, .04); --n-padding-top: 19px; --n-padding-bottom: 20px; --n-padding-left: 24px; --n-font-size: 14px; --n-title-font-size: 18px; --n-close-size: 18px;"
  >
    <!---->
    <!---->
    <div
      class="n-card__content"
      role="none"
    >
      <span
        data-test="success-message"
      >
        <i
          class="mr-2 n-icon"
          role="img"
          style="--n-bezier: cubic-bezier(.4, 0, .2, 1); font-size: 25px;"
        >
          <svg
            class="text-success"
            fill="none"
            height="24"
            stroke="currentColor"
            stroke-linecap="round"
            stroke-linejoin="round"
            stroke-width="2"
            viewBox="0 0 24 24"
            width="24"
          >
            <path
              d="M22 11.08V12a10 10 0 1 1-5.93-9.14"
            />
            <polyline
              points="22 4 12 14.01 9 11.01"
            />
          </svg>
          <!--v-if-->
          <!--v-if-->
          <!--v-if-->
          <!--v-if-->
        </i>
         Sweet! You have taken action on all recommendations.
      </span>
    </div>
    <!---->
    <!---->
  </div>
  <div
    class="text-right pt-2 mr-2"
  >
    <a
      class="hover:text-white"
    >
       Show all 
    </a>
  </div>
  
</div>
`;
